// Vitest Snapshot v1, https://vitest.dev/guide/snapshot.html

exports[`getLocalizedLabel > should return localized labels for a list of IDs 1`] = `
[
  {
    "id": "standard",
    "label": "Standard",
  },
  {
    "id": "cheapest",
    "label": "Cheapest",
  },
  {
    "id": "gridusage",
    "label": "Grid usage",
  },
  {
    "id": "energy",
    "label": "Energy",
  },
  {
    "id": "charge",
    "label": "Charges to the community",
  },
  {
    "id": "aidfee",
    "label": "Grid surcharge pursuant to Art. 35 EnG",
  },
  {
    "id": "total",
    "label": "Total",
  },
  {
    "id": "meteringrate",
    "label": "Metering Rate",
  },
  {
    "id": "H1",
    "label": "H1",
  },
  {
    "id": "H2",
    "label": "H2",
  },
  {
    "id": "H3",
    "label": "H3",
  },
  {
    "id": "H4",
    "label": "H4",
  },
  {
    "id": "C1",
    "label": "C1",
  },
  {
    "id": "C2",
    "label": "C2",
  },
  {
    "id": "collapsed-operator",
    "label": "Group municipalities",
  },
  {
    "id": "expanded-operator",
    "label": "Show individual municipalities",
  },
  {
    "id": "collapsed-municipality",
    "label": "Grouping network operators",
  },
  {
    "id": "expanded-municipality",
    "label": "Show individual network operators",
  },
]
`;
