// Vitest Snapshot v1, https://vitest.dev/guide/snapshot.html

exports[`Data Export API > should return valid CSV for 'sunshine-data-export' > csv-download-sunshine-data-export 1`] = `"Netzbetreiber-ID,Netzbetreiber-UID,Name des Netzbetreibers,Zeitraum,Vergleichsgruppe,Netzkosten NE5 (CHF/km),Netzkosten NE6 (CHF/kVA),Netzkosten NE7 (CHF/km),SAIDI Total (Min./Jahr),SAIDI ungeplant (Min./Jahr),SAIFI Total (Anzahl/Jahr),SAIFI ungeplant (Anzahl/Jahr),Compliance (CHF),Benachrichtigung von Kunden über Versorgungsunterbrüche,Tage im Voraus bei Benachrichtigungen (Tage),Unterlagen rechtzeitig eingereicht,Energietarif C2 (Rp./kWh),Energietarif C3 (Rp./kWh),Energietarif C4 (Rp./kWh),Energietarif C6 (Rp./kWh),Energietarif H2 (Rp./kWh),Energietarif H4 (Rp./kWh),Energietarif H7 (Rp./kWh),Netztarif C2 (Rp./kWh),Netztarif C3 (Rp./kWh),Netztarif C4 (Rp./kWh),Netztarif C6 (Rp./kWh),Netztarif H2 (Rp./kWh),Netztarif H4 (Rp./kWh),Netztarif H7 (Rp./kWh)"`;
